// Jest Snapshot v1, https://goo.gl/fbAQLP

exports[`should display the app heading styled component correctly 1`] = `
<DocumentFragment>
  <h5
    class="sc-AxiKw dVnzdp"
    width="150"
  >
    Where I lived
  </h5>
  <div
    class="container"
  >
     
    <ul
      class="container"
    >
      <li
        class="text"
      >
        code
      </li>
      <li
        class="text"
      >
        jiujitsu
      </li>
    </ul>
  </div>
</DocumentFragment>
`;
